// Jest Snapshot v1, https://goo.gl/fbAQLP

exports[`SlideTitle should render 1`] = `
ShallowWrapper {
  "length": 1,
  Symbol(enzyme.__root__): [Circular],
  Symbol(enzyme.__unrendered__): <SlideTitle
    subtitle="subtitle"
    title="title"
  />,
  Symbol(enzyme.__renderer__): Object {
    "batchedUpdates": [Function],
    "getNode": [Function],
    "render": [Function],
    "simulateEvent": [Function],
    "unmount": [Function],
  },
  Symbol(enzyme.__node__): Object {
    "instance": null,
    "key": undefined,
    "nodeType": "function",
    "props": Object {
      "children": Array [
        <withHelpersModifiers(Title)
          className="has-text-weight-light is-size-1 is-size-3-mobile"
        >
          title
        </withHelpersModifiers(Title)>,
        <withHelpersModifiers(Subtitle)
          className="is-uppercase has-text-weight-light is-size-5 is-size-6-mobile"
          style={
            Object {
              "padding": ".5rem 0 0 .3rem",
            }
          }
        >
          subtitle
        </withHelpersModifiers(Subtitle)>,
      ],
      "className": "text",
    },
    "ref": null,
    "rendered": Array [
      Object {
        "instance": null,
        "key": undefined,
        "nodeType": "function",
        "props": Object {
          "children": "title",
          "className": "has-text-weight-light is-size-1 is-size-3-mobile",
        },
        "ref": null,
        "rendered": "title",
        "type": [Function],
      },
      Object {
        "instance": null,
        "key": undefined,
        "nodeType": "function",
        "props": Object {
          "children": "subtitle",
          "className": "is-uppercase has-text-weight-light is-size-5 is-size-6-mobile",
          "style": Object {
            "padding": ".5rem 0 0 .3rem",
          },
        },
        "ref": null,
        "rendered": "subtitle",
        "type": [Function],
      },
    ],
    "type": [Function],
  },
  Symbol(enzyme.__nodes__): Array [
    Object {
      "instance": null,
      "key": undefined,
      "nodeType": "function",
      "props": Object {
        "children": Array [
          <withHelpersModifiers(Title)
            className="has-text-weight-light is-size-1 is-size-3-mobile"
          >
            title
          </withHelpersModifiers(Title)>,
          <withHelpersModifiers(Subtitle)
            className="is-uppercase has-text-weight-light is-size-5 is-size-6-mobile"
            style={
              Object {
                "padding": ".5rem 0 0 .3rem",
              }
            }
          >
            subtitle
          </withHelpersModifiers(Subtitle)>,
        ],
        "className": "text",
      },
      "ref": null,
      "rendered": Array [
        Object {
          "instance": null,
          "key": undefined,
          "nodeType": "function",
          "props": Object {
            "children": "title",
            "className": "has-text-weight-light is-size-1 is-size-3-mobile",
          },
          "ref": null,
          "rendered": "title",
          "type": [Function],
        },
        Object {
          "instance": null,
          "key": undefined,
          "nodeType": "function",
          "props": Object {
            "children": "subtitle",
            "className": "is-uppercase has-text-weight-light is-size-5 is-size-6-mobile",
            "style": Object {
              "padding": ".5rem 0 0 .3rem",
            },
          },
          "ref": null,
          "rendered": "subtitle",
          "type": [Function],
        },
      ],
      "type": [Function],
    },
  ],
  Symbol(enzyme.__options__): Object {
    "adapter": ReactSixteenAdapter {
      "options": Object {
        "enableComponentDidUpdateOnSetState": true,
      },
    },
  },
}
`;
